  Determining projects to restore...
  All projects are up-to-date for restore.
  Exoosis.Domain -> D:\Exoosis\backend\src\Exoosis.Domain\bin\Debug\net8.0\Exoosis.Domain.dll
  Exoosis.Application -> D:\Exoosis\backend\src\Exoosis.Application\bin\Debug\net8.0\Exoosis.Application.dll
  Exoosis.Infrastructure -> D:\Exoosis\backend\src\Exoosis.Infrastructure\bin\Debug\net8.0\Exoosis.Infrastructure.dll
C:\Program Files\dotnet\sdk\10.0.102\Microsoft.Common.CurrentVersion.targets(5080,5): warning MSB3026: Could not copy "D:\Exoosis\backend\src\Exoosis.Application\bin\Debug\net8.0\Exoosis.Application.dll" to "bin\Debug\net8.0\Exoosis.Application.dll". Beginning retry 1 in 1000ms. The process cannot access the file 'D:\Exoosis\backend\src\Exoosis.Api\bin\Debug\net8.0\Exoosis.Application.dll' because it is being used by another process. The file is locked by: "Exoosis.Api (13544)" [D:\Exoosis\backend\src\Exoosis.Api\Exoosis.Api.csproj]
C:\Program Files\dotnet\sdk\10.0.102\Microsoft.Common.CurrentVersion.targets(5080,5): warning MSB3026: Could not copy "D:\Exoosis\backend\src\Exoosis.Domain\bin\Debug\net8.0\Exoosis.Domain.dll" to "bin\Debug\net8.0\Exoosis.Domain.dll". Beginning retry 1 in 1000ms. The process cannot access the file 'D:\Exoosis\backend\src\Exoosis.Api\bin\Debug\net8.0\Exoosis.Domain.dll' because it is being used by another process. The file is locked by: "Exoosis.Api (13544)" [D:\Exoosis\backend\src\Exoosis.Api\Exoosis.Api.csproj]
C:\Program Files\dotnet\sdk\10.0.102\Microsoft.Common.CurrentVersion.targets(5080,5): warning MSB3026: Could not copy "D:\Exoosis\backend\src\Exoosis.Infrastructure\bin\Debug\net8.0\Exoosis.Infrastructure.dll" to "bin\Debug\net8.0\Exoosis.Infrastructure.dll". Beginning retry 1 in 1000ms. The process cannot access the file 'D:\Exoosis\backend\src\Exoosis.Api\bin\Debug\net8.0\Exoosis.Infrastructure.dll' because it is being used by another process. The file is locked by: "Microsoft Visual Studio (12844), Exoosis.Api (13544)" [D:\Exoosis\backend\src\Exoosis.Api\Exoosis.Api.csproj]
C:\Program Files\dotnet\sdk\10.0.102\Microsoft.Common.CurrentVersion.targets(5080,5): warning MSB3026: Could not copy "D:\Exoosis\backend\src\Exoosis.Application\bin\Debug\net8.0\Exoosis.Application.dll" to "bin\Debug\net8.0\Exoosis.Application.dll". Beginning retry 2 in 1000ms. The process cannot access the file 'D:\Exoosis\backend\src\Exoosis.Api\bin\Debug\net8.0\Exoosis.Application.dll' because it is being used by another process. The file is locked by: "Exoosis.Api (13544)" [D:\Exoosis\backend\src\Exoosis.Api\Exoosis.Api.csproj]
C:\Program Files\dotnet\sdk\10.0.102\Microsoft.Common.CurrentVersion.targets(5080,5): warning MSB3026: Could not copy "D:\Exoosis\backend\src\Exoosis.Domain\bin\Debug\net8.0\Exoosis.Domain.dll" to "bin\Debug\net8.0\Exoosis.Domain.dll". Beginning retry 2 in 1000ms. The process cannot access the file 'D:\Exoosis\backend\src\Exoosis.Api\bin\Debug\net8.0\Exoosis.Domain.dll' because it is being used by another process. The file is locked by: "Exoosis.Api (13544)" [D:\Exoosis\backend\src\Exoosis.Api\Exoosis.Api.csproj]
C:\Program Files\dotnet\sdk\10.0.102\Microsoft.Common.CurrentVersion.targets(5080,5): warning MSB3026: Could not copy "D:\Exoosis\backend\src\Exoosis.Infrastructure\bin\Debug\net8.0\Exoosis.Infrastructure.dll" to "bin\Debug\net8.0\Exoosis.Infrastructure.dll". Beginning retry 2 in 1000ms. The process cannot access the file 'D:\Exoosis\backend\src\Exoosis.Api\bin\Debug\net8.0\Exoosis.Infrastructure.dll' because it is being used by another process. The file is locked by: "Microsoft Visual Studio (12844), Exoosis.Api (13544)" [D:\Exoosis\backend\src\Exoosis.Api\Exoosis.Api.csproj]
C:\Program Files\dotnet\sdk\10.0.102\Microsoft.Common.CurrentVersion.targets(5080,5): warning MSB3026: Could not copy "D:\Exoosis\backend\src\Exoosis.Application\bin\Debug\net8.0\Exoosis.Application.dll" to "bin\Debug\net8.0\Exoosis.Application.dll". Beginning retry 3 in 1000ms. The process cannot access the file 'D:\Exoosis\backend\src\Exoosis.Api\bin\Debug\net8.0\Exoosis.Application.dll' because it is being used by another process. The file is locked by: "Exoosis.Api (13544)" [D:\Exoosis\backend\src\Exoosis.Api\Exoosis.Api.csproj]
C:\Program Files\dotnet\sdk\10.0.102\Microsoft.Common.CurrentVersion.targets(5080,5): warning MSB3026: Could not copy "D:\Exoosis\backend\src\Exoosis.Domain\bin\Debug\net8.0\Exoosis.Domain.dll" to "bin\Debug\net8.0\Exoosis.Domain.dll". Beginning retry 3 in 1000ms. The process cannot access the file 'D:\Exoosis\backend\src\Exoosis.Api\bin\Debug\net8.0\Exoosis.Domain.dll' because it is being used by another process. The file is locked by: "Exoosis.Api (13544)" [D:\Exoosis\backend\src\Exoosis.Api\Exoosis.Api.csproj]
C:\Program Files\dotnet\sdk\10.0.102\Microsoft.Common.CurrentVersion.targets(5080,5): warning MSB3026: Could not copy "D:\Exoosis\backend\src\Exoosis.Infrastructure\bin\Debug\net8.0\Exoosis.Infrastructure.dll" to "bin\Debug\net8.0\Exoosis.Infrastructure.dll". Beginning retry 3 in 1000ms. The process cannot access the file 'D:\Exoosis\backend\src\Exoosis.Api\bin\Debug\net8.0\Exoosis.Infrastructure.dll' because it is being used by another process. The file is locked by: "Microsoft Visual Studio (12844), Exoosis.Api (13544)" [D:\Exoosis\backend\src\Exoosis.Api\Exoosis.Api.csproj]
C:\Program Files\dotnet\sdk\10.0.102\Microsoft.Common.CurrentVersion.targets(5080,5): warning MSB3026: Could not copy "D:\Exoosis\backend\src\Exoosis.Application\bin\Debug\net8.0\Exoosis.Application.dll" to "bin\Debug\net8.0\Exoosis.Application.dll". Beginning retry 4 in 1000ms. The process cannot access the file 'D:\Exoosis\backend\src\Exoosis.Api\bin\Debug\net8.0\Exoosis.Application.dll' because it is being used by another process. The file is locked by: "Exoosis.Api (13544)" [D:\Exoosis\backend\src\Exoosis.Api\Exoosis.Api.csproj]
C:\Program Files\dotnet\sdk\10.0.102\Microsoft.Common.CurrentVersion.targets(5080,5): warning MSB3026: Could not copy "D:\Exoosis\backend\src\Exoosis.Domain\bin\Debug\net8.0\Exoosis.Domain.dll" to "bin\Debug\net8.0\Exoosis.Domain.dll". Beginning retry 4 in 1000ms. The process cannot access the file 'D:\Exoosis\backend\src\Exoosis.Api\bin\Debug\net8.0\Exoosis.Domain.dll' because it is being used by another process. The file is locked by: "Exoosis.Api (13544)" [D:\Exoosis\backend\src\Exoosis.Api\Exoosis.Api.csproj]
C:\Program Files\dotnet\sdk\10.0.102\Microsoft.Common.CurrentVersion.targets(5080,5): warning MSB3026: Could not copy "D:\Exoosis\backend\src\Exoosis.Infrastructure\bin\Debug\net8.0\Exoosis.Infrastructure.dll" to "bin\Debug\net8.0\Exoosis.Infrastructure.dll". Beginning retry 4 in 1000ms. The process cannot access the file 'D:\Exoosis\backend\src\Exoosis.Api\bin\Debug\net8.0\Exoosis.Infrastructure.dll' because it is being used by another process. The file is locked by: "Microsoft Visual Studio (12844), Exoosis.Api (13544)" [D:\Exoosis\backend\src\Exoosis.Api\Exoosis.Api.csproj]
C:\Program Files\dotnet\sdk\10.0.102\Microsoft.Common.CurrentVersion.targets(5080,5): warning MSB3026: Could not copy "D:\Exoosis\backend\src\Exoosis.Application\bin\Debug\net8.0\Exoosis.Application.dll" to "bin\Debug\net8.0\Exoosis.Application.dll". Beginning retry 5 in 1000ms. The process cannot access the file 'D:\Exoosis\backend\src\Exoosis.Api\bin\Debug\net8.0\Exoosis.Application.dll' because it is being used by another process. The file is locked by: "Exoosis.Api (13544)" [D:\Exoosis\backend\src\Exoosis.Api\Exoosis.Api.csproj]
C:\Program Files\dotnet\sdk\10.0.102\Microsoft.Common.CurrentVersion.targets(5080,5): warning MSB3026: Could not copy "D:\Exoosis\backend\src\Exoosis.Domain\bin\Debug\net8.0\Exoosis.Domain.dll" to "bin\Debug\net8.0\Exoosis.Domain.dll". Beginning retry 5 in 1000ms. The process cannot access the file 'D:\Exoosis\backend\src\Exoosis.Api\bin\Debug\net8.0\Exoosis.Domain.dll' because it is being used by another process. The file is locked by: "Exoosis.Api (13544)" [D:\Exoosis\backend\src\Exoosis.Api\Exoosis.Api.csproj]
C:\Program Files\dotnet\sdk\10.0.102\Microsoft.Common.CurrentVersion.targets(5080,5): warning MSB3026: Could not copy "D:\Exoosis\backend\src\Exoosis.Infrastructure\bin\Debug\net8.0\Exoosis.Infrastructure.dll" to "bin\Debug\net8.0\Exoosis.Infrastructure.dll". Beginning retry 5 in 1000ms. The process cannot access the file 'D:\Exoosis\backend\src\Exoosis.Api\bin\Debug\net8.0\Exoosis.Infrastructure.dll' because it is being used by another process. The file is locked by: "Microsoft Visual Studio (12844), Exoosis.Api (13544)" [D:\Exoosis\backend\src\Exoosis.Api\Exoosis.Api.csproj]
C:\Program Files\dotnet\sdk\10.0.102\Microsoft.Common.CurrentVersion.targets(5080,5): warning MSB3026: Could not copy "D:\Exoosis\backend\src\Exoosis.Application\bin\Debug\net8.0\Exoosis.Application.dll" to "bin\Debug\net8.0\Exoosis.Application.dll". Beginning retry 6 in 1000ms. The process cannot access the file 'D:\Exoosis\backend\src\Exoosis.Api\bin\Debug\net8.0\Exoosis.Application.dll' because it is being used by another process. The file is locked by: "Exoosis.Api (13544)" [D:\Exoosis\backend\src\Exoosis.Api\Exoosis.Api.csproj]
C:\Program Files\dotnet\sdk\10.0.102\Microsoft.Common.CurrentVersion.targets(5080,5): warning MSB3026: Could not copy "D:\Exoosis\backend\src\Exoosis.Domain\bin\Debug\net8.0\Exoosis.Domain.dll" to "bin\Debug\net8.0\Exoosis.Domain.dll". Beginning retry 6 in 1000ms. The process cannot access the file 'D:\Exoosis\backend\src\Exoosis.Api\bin\Debug\net8.0\Exoosis.Domain.dll' because it is being used by another process. The file is locked by: "Exoosis.Api (13544)" [D:\Exoosis\backend\src\Exoosis.Api\Exoosis.Api.csproj]
C:\Program Files\dotnet\sdk\10.0.102\Microsoft.Common.CurrentVersion.targets(5080,5): warning MSB3026: Could not copy "D:\Exoosis\backend\src\Exoosis.Infrastructure\bin\Debug\net8.0\Exoosis.Infrastructure.dll" to "bin\Debug\net8.0\Exoosis.Infrastructure.dll". Beginning retry 6 in 1000ms. The process cannot access the file 'D:\Exoosis\backend\src\Exoosis.Api\bin\Debug\net8.0\Exoosis.Infrastructure.dll' because it is being used by another process. The file is locked by: "Microsoft Visual Studio (12844), Exoosis.Api (13544)" [D:\Exoosis\backend\src\Exoosis.Api\Exoosis.Api.csproj]
C:\Program Files\dotnet\sdk\10.0.102\Microsoft.Common.CurrentVersion.targets(5080,5): warning MSB3026: Could not copy "D:\Exoosis\backend\src\Exoosis.Application\bin\Debug\net8.0\Exoosis.Application.dll" to "bin\Debug\net8.0\Exoosis.Application.dll". Beginning retry 7 in 1000ms. The process cannot access the file 'D:\Exoosis\backend\src\Exoosis.Api\bin\Debug\net8.0\Exoosis.Application.dll' because it is being used by another process. The file is locked by: "Exoosis.Api (13544)" [D:\Exoosis\backend\src\Exoosis.Api\Exoosis.Api.csproj]
C:\Program Files\dotnet\sdk\10.0.102\Microsoft.Common.CurrentVersion.targets(5080,5): warning MSB3026: Could not copy "D:\Exoosis\backend\src\Exoosis.Domain\bin\Debug\net8.0\Exoosis.Domain.dll" to "bin\Debug\net8.0\Exoosis.Domain.dll". Beginning retry 7 in 1000ms. The process cannot access the file 'D:\Exoosis\backend\src\Exoosis.Api\bin\Debug\net8.0\Exoosis.Domain.dll' because it is being used by another process. The file is locked by: "Exoosis.Api (13544)" [D:\Exoosis\backend\src\Exoosis.Api\Exoosis.Api.csproj]
C:\Program Files\dotnet\sdk\10.0.102\Microsoft.Common.CurrentVersion.targets(5080,5): warning MSB3026: Could not copy "D:\Exoosis\backend\src\Exoosis.Infrastructure\bin\Debug\net8.0\Exoosis.Infrastructure.dll" to "bin\Debug\net8.0\Exoosis.Infrastructure.dll". Beginning retry 7 in 1000ms. The process cannot access the file 'D:\Exoosis\backend\src\Exoosis.Api\bin\Debug\net8.0\Exoosis.Infrastructure.dll' because it is being used by another process. The file is locked by: "Microsoft Visual Studio (12844), Exoosis.Api (13544)" [D:\Exoosis\backend\src\Exoosis.Api\Exoosis.Api.csproj]
C:\Program Files\dotnet\sdk\10.0.102\Microsoft.Common.CurrentVersion.targets(5080,5): warning MSB3026: Could not copy "D:\Exoosis\backend\src\Exoosis.Domain\bin\Debug\net8.0\Exoosis.Domain.dll" to "bin\Debug\net8.0\Exoosis.Domain.dll". Beginning retry 8 in 1000ms. The process cannot access the file 'D:\Exoosis\backend\src\Exoosis.Api\bin\Debug\net8.0\Exoosis.Domain.dll' because it is being used by another process. The file is locked by: "Exoosis.Api (13544)" [D:\Exoosis\backend\src\Exoosis.Api\Exoosis.Api.csproj]
C:\Program Files\dotnet\sdk\10.0.102\Microsoft.Common.CurrentVersion.targets(5080,5): warning MSB3026: Could not copy "D:\Exoosis\backend\src\Exoosis.Application\bin\Debug\net8.0\Exoosis.Application.dll" to "bin\Debug\net8.0\Exoosis.Application.dll". Beginning retry 8 in 1000ms. The process cannot access the file 'D:\Exoosis\backend\src\Exoosis.Api\bin\Debug\net8.0\Exoosis.Application.dll' because it is being used by another process. The file is locked by: "Exoosis.Api (13544)" [D:\Exoosis\backend\src\Exoosis.Api\Exoosis.Api.csproj]
C:\Program Files\dotnet\sdk\10.0.102\Microsoft.Common.CurrentVersion.targets(5080,5): warning MSB3026: Could not copy "D:\Exoosis\backend\src\Exoosis.Infrastructure\bin\Debug\net8.0\Exoosis.Infrastructure.dll" to "bin\Debug\net8.0\Exoosis.Infrastructure.dll". Beginning retry 8 in 1000ms. The process cannot access the file 'D:\Exoosis\backend\src\Exoosis.Api\bin\Debug\net8.0\Exoosis.Infrastructure.dll' because it is being used by another process. The file is locked by: "Microsoft Visual Studio (12844), Exoosis.Api (13544)" [D:\Exoosis\backend\src\Exoosis.Api\Exoosis.Api.csproj]
C:\Program Files\dotnet\sdk\10.0.102\Microsoft.Common.CurrentVersion.targets(5080,5): warning MSB3026: Could not copy "D:\Exoosis\backend\src\Exoosis.Domain\bin\Debug\net8.0\Exoosis.Domain.dll" to "bin\Debug\net8.0\Exoosis.Domain.dll". Beginning retry 9 in 1000ms. The process cannot access the file 'D:\Exoosis\backend\src\Exoosis.Api\bin\Debug\net8.0\Exoosis.Domain.dll' because it is being used by another process. The file is locked by: "Exoosis.Api (13544)" [D:\Exoosis\backend\src\Exoosis.Api\Exoosis.Api.csproj]
C:\Program Files\dotnet\sdk\10.0.102\Microsoft.Common.CurrentVersion.targets(5080,5): warning MSB3026: Could not copy "D:\Exoosis\backend\src\Exoosis.Application\bin\Debug\net8.0\Exoosis.Application.dll" to "bin\Debug\net8.0\Exoosis.Application.dll". Beginning retry 9 in 1000ms. The process cannot access the file 'D:\Exoosis\backend\src\Exoosis.Api\bin\Debug\net8.0\Exoosis.Application.dll' because it is being used by another process. The file is locked by: "Exoosis.Api (13544)" [D:\Exoosis\backend\src\Exoosis.Api\Exoosis.Api.csproj]
C:\Program Files\dotnet\sdk\10.0.102\Microsoft.Common.CurrentVersion.targets(5080,5): warning MSB3026: Could not copy "D:\Exoosis\backend\src\Exoosis.Infrastructure\bin\Debug\net8.0\Exoosis.Infrastructure.dll" to "bin\Debug\net8.0\Exoosis.Infrastructure.dll". Beginning retry 9 in 1000ms. The process cannot access the file 'D:\Exoosis\backend\src\Exoosis.Api\bin\Debug\net8.0\Exoosis.Infrastructure.dll' because it is being used by another process. The file is locked by: "Microsoft Visual Studio (12844), Exoosis.Api (13544)" [D:\Exoosis\backend\src\Exoosis.Api\Exoosis.Api.csproj]
C:\Program Files\dotnet\sdk\10.0.102\Microsoft.Common.CurrentVersion.targets(5080,5): warning MSB3026: Could not copy "D:\Exoosis\backend\src\Exoosis.Domain\bin\Debug\net8.0\Exoosis.Domain.dll" to "bin\Debug\net8.0\Exoosis.Domain.dll". Beginning retry 10 in 1000ms. The process cannot access the file 'D:\Exoosis\backend\src\Exoosis.Api\bin\Debug\net8.0\Exoosis.Domain.dll' because it is being used by another process. The file is locked by: "Exoosis.Api (13544)" [D:\Exoosis\backend\src\Exoosis.Api\Exoosis.Api.csproj]
C:\Program Files\dotnet\sdk\10.0.102\Microsoft.Common.CurrentVersion.targets(5080,5): warning MSB3026: Could not copy "D:\Exoosis\backend\src\Exoosis.Application\bin\Debug\net8.0\Exoosis.Application.dll" to "bin\Debug\net8.0\Exoosis.Application.dll". Beginning retry 10 in 1000ms. The process cannot access the file 'D:\Exoosis\backend\src\Exoosis.Api\bin\Debug\net8.0\Exoosis.Application.dll' because it is being used by another process. The file is locked by: "Exoosis.Api (13544)" [D:\Exoosis\backend\src\Exoosis.Api\Exoosis.Api.csproj]
C:\Program Files\dotnet\sdk\10.0.102\Microsoft.Common.CurrentVersion.targets(5080,5): warning MSB3026: Could not copy "D:\Exoosis\backend\src\Exoosis.Infrastructure\bin\Debug\net8.0\Exoosis.Infrastructure.dll" to "bin\Debug\net8.0\Exoosis.Infrastructure.dll". Beginning retry 10 in 1000ms. The process cannot access the file 'D:\Exoosis\backend\src\Exoosis.Api\bin\Debug\net8.0\Exoosis.Infrastructure.dll' because it is being used by another process. The file is locked by: "Microsoft Visual Studio (12844), Exoosis.Api (13544)" [D:\Exoosis\backend\src\Exoosis.Api\Exoosis.Api.csproj]
C:\Program Files\dotnet\sdk\10.0.102\Microsoft.Common.CurrentVersion.targets(5080,5): error MSB3027: Could not copy "D:\Exoosis\backend\src\Exoosis.Domain\bin\Debug\net8.0\Exoosis.Domain.dll" to "bin\Debug\net8.0\Exoosis.Domain.dll". Exceeded retry count of 10. Failed. The file is locked by: "Exoosis.Api (13544)" [D:\Exoosis\backend\src\Exoosis.Api\Exoosis.Api.csproj]
C:\Program Files\dotnet\sdk\10.0.102\Microsoft.Common.CurrentVersion.targets(5080,5): error MSB3021: Unable to copy file "D:\Exoosis\backend\src\Exoosis.Domain\bin\Debug\net8.0\Exoosis.Domain.dll" to "bin\Debug\net8.0\Exoosis.Domain.dll". The process cannot access the file 'D:\Exoosis\backend\src\Exoosis.Api\bin\Debug\net8.0\Exoosis.Domain.dll' because it is being used by another process. [D:\Exoosis\backend\src\Exoosis.Api\Exoosis.Api.csproj]
C:\Program Files\dotnet\sdk\10.0.102\Microsoft.Common.CurrentVersion.targets(5080,5): error MSB3027: Could not copy "D:\Exoosis\backend\src\Exoosis.Application\bin\Debug\net8.0\Exoosis.Application.dll" to "bin\Debug\net8.0\Exoosis.Application.dll". Exceeded retry count of 10. Failed. The file is locked by: "Exoosis.Api (13544)" [D:\Exoosis\backend\src\Exoosis.Api\Exoosis.Api.csproj]
C:\Program Files\dotnet\sdk\10.0.102\Microsoft.Common.CurrentVersion.targets(5080,5): error MSB3021: Unable to copy file "D:\Exoosis\backend\src\Exoosis.Application\bin\Debug\net8.0\Exoosis.Application.dll" to "bin\Debug\net8.0\Exoosis.Application.dll". The process cannot access the file 'D:\Exoosis\backend\src\Exoosis.Api\bin\Debug\net8.0\Exoosis.Application.dll' because it is being used by another process. [D:\Exoosis\backend\src\Exoosis.Api\Exoosis.Api.csproj]
C:\Program Files\dotnet\sdk\10.0.102\Microsoft.Common.CurrentVersion.targets(5080,5): error MSB3027: Could not copy "D:\Exoosis\backend\src\Exoosis.Infrastructure\bin\Debug\net8.0\Exoosis.Infrastructure.dll" to "bin\Debug\net8.0\Exoosis.Infrastructure.dll". Exceeded retry count of 10. Failed. The file is locked by: "Microsoft Visual Studio (12844), Exoosis.Api (13544)" [D:\Exoosis\backend\src\Exoosis.Api\Exoosis.Api.csproj]
C:\Program Files\dotnet\sdk\10.0.102\Microsoft.Common.CurrentVersion.targets(5080,5): error MSB3021: Unable to copy file "D:\Exoosis\backend\src\Exoosis.Infrastructure\bin\Debug\net8.0\Exoosis.Infrastructure.dll" to "bin\Debug\net8.0\Exoosis.Infrastructure.dll". The process cannot access the file 'D:\Exoosis\backend\src\Exoosis.Api\bin\Debug\net8.0\Exoosis.Infrastructure.dll' because it is being used by another process. [D:\Exoosis\backend\src\Exoosis.Api\Exoosis.Api.csproj]

Build FAILED.

C:\Program Files\dotnet\sdk\10.0.102\Microsoft.Common.CurrentVersion.targets(5080,5): warning MSB3026: Could not copy "D:\Exoosis\backend\src\Exoosis.Application\bin\Debug\net8.0\Exoosis.Application.dll" to "bin\Debug\net8.0\Exoosis.Application.dll". Beginning retry 1 in 1000ms. The process cannot access the file 'D:\Exoosis\backend\src\Exoosis.Api\bin\Debug\net8.0\Exoosis.Application.dll' because it is being used by another process. The file is locked by: "Exoosis.Api (13544)" [D:\Exoosis\backend\src\Exoosis.Api\Exoosis.Api.csproj]
C:\Program Files\dotnet\sdk\10.0.102\Microsoft.Common.CurrentVersion.targets(5080,5): warning MSB3026: Could not copy "D:\Exoosis\backend\src\Exoosis.Domain\bin\Debug\net8.0\Exoosis.Domain.dll" to "bin\Debug\net8.0\Exoosis.Domain.dll". Beginning retry 1 in 1000ms. The process cannot access the file 'D:\Exoosis\backend\src\Exoosis.Api\bin\Debug\net8.0\Exoosis.Domain.dll' because it is being used by another process. The file is locked by: "Exoosis.Api (13544)" [D:\Exoosis\backend\src\Exoosis.Api\Exoosis.Api.csproj]
C:\Program Files\dotnet\sdk\10.0.102\Microsoft.Common.CurrentVersion.targets(5080,5): warning MSB3026: Could not copy "D:\Exoosis\backend\src\Exoosis.Infrastructure\bin\Debug\net8.0\Exoosis.Infrastructure.dll" to "bin\Debug\net8.0\Exoosis.Infrastructure.dll". Beginning retry 1 in 1000ms. The process cannot access the file 'D:\Exoosis\backend\src\Exoosis.Api\bin\Debug\net8.0\Exoosis.Infrastructure.dll' because it is being used by another process. The file is locked by: "Microsoft Visual Studio (12844), Exoosis.Api (13544)" [D:\Exoosis\backend\src\Exoosis.Api\Exoosis.Api.csproj]
C:\Program Files\dotnet\sdk\10.0.102\Microsoft.Common.CurrentVersion.targets(5080,5): warning MSB3026: Could not copy "D:\Exoosis\backend\src\Exoosis.Application\bin\Debug\net8.0\Exoosis.Application.dll" to "bin\Debug\net8.0\Exoosis.Application.dll". Beginning retry 2 in 1000ms. The process cannot access the file 'D:\Exoosis\backend\src\Exoosis.Api\bin\Debug\net8.0\Exoosis.Application.dll' because it is being used by another process. The file is locked by: "Exoosis.Api (13544)" [D:\Exoosis\backend\src\Exoosis.Api\Exoosis.Api.csproj]
C:\Program Files\dotnet\sdk\10.0.102\Microsoft.Common.CurrentVersion.targets(5080,5): warning MSB3026: Could not copy "D:\Exoosis\backend\src\Exoosis.Domain\bin\Debug\net8.0\Exoosis.Domain.dll" to "bin\Debug\net8.0\Exoosis.Domain.dll". Beginning retry 2 in 1000ms. The process cannot access the file 'D:\Exoosis\backend\src\Exoosis.Api\bin\Debug\net8.0\Exoosis.Domain.dll' because it is being used by another process. The file is locked by: "Exoosis.Api (13544)" [D:\Exoosis\backend\src\Exoosis.Api\Exoosis.Api.csproj]
C:\Program Files\dotnet\sdk\10.0.102\Microsoft.Common.CurrentVersion.targets(5080,5): warning MSB3026: Could not copy "D:\Exoosis\backend\src\Exoosis.Infrastructure\bin\Debug\net8.0\Exoosis.Infrastructure.dll" to "bin\Debug\net8.0\Exoosis.Infrastructure.dll". Beginning retry 2 in 1000ms. The process cannot access the file 'D:\Exoosis\backend\src\Exoosis.Api\bin\Debug\net8.0\Exoosis.Infrastructure.dll' because it is being used by another process. The file is locked by: "Microsoft Visual Studio (12844), Exoosis.Api (13544)" [D:\Exoosis\backend\src\Exoosis.Api\Exoosis.Api.csproj]
C:\Program Files\dotnet\sdk\10.0.102\Microsoft.Common.CurrentVersion.targets(5080,5): warning MSB3026: Could not copy "D:\Exoosis\backend\src\Exoosis.Application\bin\Debug\net8.0\Exoosis.Application.dll" to "bin\Debug\net8.0\Exoosis.Application.dll". Beginning retry 3 in 1000ms. The process cannot access the file 'D:\Exoosis\backend\src\Exoosis.Api\bin\Debug\net8.0\Exoosis.Application.dll' because it is being used by another process. The file is locked by: "Exoosis.Api (13544)" [D:\Exoosis\backend\src\Exoosis.Api\Exoosis.Api.csproj]
C:\Program Files\dotnet\sdk\10.0.102\Microsoft.Common.CurrentVersion.targets(5080,5): warning MSB3026: Could not copy "D:\Exoosis\backend\src\Exoosis.Domain\bin\Debug\net8.0\Exoosis.Domain.dll" to "bin\Debug\net8.0\Exoosis.Domain.dll". Beginning retry 3 in 1000ms. The process cannot access the file 'D:\Exoosis\backend\src\Exoosis.Api\bin\Debug\net8.0\Exoosis.Domain.dll' because it is being used by another process. The file is locked by: "Exoosis.Api (13544)" [D:\Exoosis\backend\src\Exoosis.Api\Exoosis.Api.csproj]
C:\Program Files\dotnet\sdk\10.0.102\Microsoft.Common.CurrentVersion.targets(5080,5): warning MSB3026: Could not copy "D:\Exoosis\backend\src\Exoosis.Infrastructure\bin\Debug\net8.0\Exoosis.Infrastructure.dll" to "bin\Debug\net8.0\Exoosis.Infrastructure.dll". Beginning retry 3 in 1000ms. The process cannot access the file 'D:\Exoosis\backend\src\Exoosis.Api\bin\Debug\net8.0\Exoosis.Infrastructure.dll' because it is being used by another process. The file is locked by: "Microsoft Visual Studio (12844), Exoosis.Api (13544)" [D:\Exoosis\backend\src\Exoosis.Api\Exoosis.Api.csproj]
C:\Program Files\dotnet\sdk\10.0.102\Microsoft.Common.CurrentVersion.targets(5080,5): warning MSB3026: Could not copy "D:\Exoosis\backend\src\Exoosis.Application\bin\Debug\net8.0\Exoosis.Application.dll" to "bin\Debug\net8.0\Exoosis.Application.dll". Beginning retry 4 in 1000ms. The process cannot access the file 'D:\Exoosis\backend\src\Exoosis.Api\bin\Debug\net8.0\Exoosis.Application.dll' because it is being used by another process. The file is locked by: "Exoosis.Api (13544)" [D:\Exoosis\backend\src\Exoosis.Api\Exoosis.Api.csproj]
C:\Program Files\dotnet\sdk\10.0.102\Microsoft.Common.CurrentVersion.targets(5080,5): warning MSB3026: Could not copy "D:\Exoosis\backend\src\Exoosis.Domain\bin\Debug\net8.0\Exoosis.Domain.dll" to "bin\Debug\net8.0\Exoosis.Domain.dll". Beginning retry 4 in 1000ms. The process cannot access the file 'D:\Exoosis\backend\src\Exoosis.Api\bin\Debug\net8.0\Exoosis.Domain.dll' because it is being used by another process. The file is locked by: "Exoosis.Api (13544)" [D:\Exoosis\backend\src\Exoosis.Api\Exoosis.Api.csproj]
C:\Program Files\dotnet\sdk\10.0.102\Microsoft.Common.CurrentVersion.targets(5080,5): warning MSB3026: Could not copy "D:\Exoosis\backend\src\Exoosis.Infrastructure\bin\Debug\net8.0\Exoosis.Infrastructure.dll" to "bin\Debug\net8.0\Exoosis.Infrastructure.dll". Beginning retry 4 in 1000ms. The process cannot access the file 'D:\Exoosis\backend\src\Exoosis.Api\bin\Debug\net8.0\Exoosis.Infrastructure.dll' because it is being used by another process. The file is locked by: "Microsoft Visual Studio (12844), Exoosis.Api (13544)" [D:\Exoosis\backend\src\Exoosis.Api\Exoosis.Api.csproj]
C:\Program Files\dotnet\sdk\10.0.102\Microsoft.Common.CurrentVersion.targets(5080,5): warning MSB3026: Could not copy "D:\Exoosis\backend\src\Exoosis.Application\bin\Debug\net8.0\Exoosis.Application.dll" to "bin\Debug\net8.0\Exoosis.Application.dll". Beginning retry 5 in 1000ms. The process cannot access the file 'D:\Exoosis\backend\src\Exoosis.Api\bin\Debug\net8.0\Exoosis.Application.dll' because it is being used by another process. The file is locked by: "Exoosis.Api (13544)" [D:\Exoosis\backend\src\Exoosis.Api\Exoosis.Api.csproj]
C:\Program Files\dotnet\sdk\10.0.102\Microsoft.Common.CurrentVersion.targets(5080,5): warning MSB3026: Could not copy "D:\Exoosis\backend\src\Exoosis.Domain\bin\Debug\net8.0\Exoosis.Domain.dll" to "bin\Debug\net8.0\Exoosis.Domain.dll". Beginning retry 5 in 1000ms. The process cannot access the file 'D:\Exoosis\backend\src\Exoosis.Api\bin\Debug\net8.0\Exoosis.Domain.dll' because it is being used by another process. The file is locked by: "Exoosis.Api (13544)" [D:\Exoosis\backend\src\Exoosis.Api\Exoosis.Api.csproj]
C:\Program Files\dotnet\sdk\10.0.102\Microsoft.Common.CurrentVersion.targets(5080,5): warning MSB3026: Could not copy "D:\Exoosis\backend\src\Exoosis.Infrastructure\bin\Debug\net8.0\Exoosis.Infrastructure.dll" to "bin\Debug\net8.0\Exoosis.Infrastructure.dll". Beginning retry 5 in 1000ms. The process cannot access the file 'D:\Exoosis\backend\src\Exoosis.Api\bin\Debug\net8.0\Exoosis.Infrastructure.dll' because it is being used by another process. The file is locked by: "Microsoft Visual Studio (12844), Exoosis.Api (13544)" [D:\Exoosis\backend\src\Exoosis.Api\Exoosis.Api.csproj]
C:\Program Files\dotnet\sdk\10.0.102\Microsoft.Common.CurrentVersion.targets(5080,5): warning MSB3026: Could not copy "D:\Exoosis\backend\src\Exoosis.Application\bin\Debug\net8.0\Exoosis.Application.dll" to "bin\Debug\net8.0\Exoosis.Application.dll". Beginning retry 6 in 1000ms. The process cannot access the file 'D:\Exoosis\backend\src\Exoosis.Api\bin\Debug\net8.0\Exoosis.Application.dll' because it is being used by another process. The file is locked by: "Exoosis.Api (13544)" [D:\Exoosis\backend\src\Exoosis.Api\Exoosis.Api.csproj]
C:\Program Files\dotnet\sdk\10.0.102\Microsoft.Common.CurrentVersion.targets(5080,5): warning MSB3026: Could not copy "D:\Exoosis\backend\src\Exoosis.Domain\bin\Debug\net8.0\Exoosis.Domain.dll" to "bin\Debug\net8.0\Exoosis.Domain.dll". Beginning retry 6 in 1000ms. The process cannot access the file 'D:\Exoosis\backend\src\Exoosis.Api\bin\Debug\net8.0\Exoosis.Domain.dll' because it is being used by another process. The file is locked by: "Exoosis.Api (13544)" [D:\Exoosis\backend\src\Exoosis.Api\Exoosis.Api.csproj]
C:\Program Files\dotnet\sdk\10.0.102\Microsoft.Common.CurrentVersion.targets(5080,5): warning MSB3026: Could not copy "D:\Exoosis\backend\src\Exoosis.Infrastructure\bin\Debug\net8.0\Exoosis.Infrastructure.dll" to "bin\Debug\net8.0\Exoosis.Infrastructure.dll". Beginning retry 6 in 1000ms. The process cannot access the file 'D:\Exoosis\backend\src\Exoosis.Api\bin\Debug\net8.0\Exoosis.Infrastructure.dll' because it is being used by another process. The file is locked by: "Microsoft Visual Studio (12844), Exoosis.Api (13544)" [D:\Exoosis\backend\src\Exoosis.Api\Exoosis.Api.csproj]
C:\Program Files\dotnet\sdk\10.0.102\Microsoft.Common.CurrentVersion.targets(5080,5): warning MSB3026: Could not copy "D:\Exoosis\backend\src\Exoosis.Application\bin\Debug\net8.0\Exoosis.Application.dll" to "bin\Debug\net8.0\Exoosis.Application.dll". Beginning retry 7 in 1000ms. The process cannot access the file 'D:\Exoosis\backend\src\Exoosis.Api\bin\Debug\net8.0\Exoosis.Application.dll' because it is being used by another process. The file is locked by: "Exoosis.Api (13544)" [D:\Exoosis\backend\src\Exoosis.Api\Exoosis.Api.csproj]
C:\Program Files\dotnet\sdk\10.0.102\Microsoft.Common.CurrentVersion.targets(5080,5): warning MSB3026: Could not copy "D:\Exoosis\backend\src\Exoosis.Domain\bin\Debug\net8.0\Exoosis.Domain.dll" to "bin\Debug\net8.0\Exoosis.Domain.dll". Beginning retry 7 in 1000ms. The process cannot access the file 'D:\Exoosis\backend\src\Exoosis.Api\bin\Debug\net8.0\Exoosis.Domain.dll' because it is being used by another process. The file is locked by: "Exoosis.Api (13544)" [D:\Exoosis\backend\src\Exoosis.Api\Exoosis.Api.csproj]
C:\Program Files\dotnet\sdk\10.0.102\Microsoft.Common.CurrentVersion.targets(5080,5): warning MSB3026: Could not copy "D:\Exoosis\backend\src\Exoosis.Infrastructure\bin\Debug\net8.0\Exoosis.Infrastructure.dll" to "bin\Debug\net8.0\Exoosis.Infrastructure.dll". Beginning retry 7 in 1000ms. The process cannot access the file 'D:\Exoosis\backend\src\Exoosis.Api\bin\Debug\net8.0\Exoosis.Infrastructure.dll' because it is being used by another process. The file is locked by: "Microsoft Visual Studio (12844), Exoosis.Api (13544)" [D:\Exoosis\backend\src\Exoosis.Api\Exoosis.Api.csproj]
C:\Program Files\dotnet\sdk\10.0.102\Microsoft.Common.CurrentVersion.targets(5080,5): warning MSB3026: Could not copy "D:\Exoosis\backend\src\Exoosis.Domain\bin\Debug\net8.0\Exoosis.Domain.dll" to "bin\Debug\net8.0\Exoosis.Domain.dll". Beginning retry 8 in 1000ms. The process cannot access the file 'D:\Exoosis\backend\src\Exoosis.Api\bin\Debug\net8.0\Exoosis.Domain.dll' because it is being used by another process. The file is locked by: "Exoosis.Api (13544)" [D:\Exoosis\backend\src\Exoosis.Api\Exoosis.Api.csproj]
C:\Program Files\dotnet\sdk\10.0.102\Microsoft.Common.CurrentVersion.targets(5080,5): warning MSB3026: Could not copy "D:\Exoosis\backend\src\Exoosis.Application\bin\Debug\net8.0\Exoosis.Application.dll" to "bin\Debug\net8.0\Exoosis.Application.dll". Beginning retry 8 in 1000ms. The process cannot access the file 'D:\Exoosis\backend\src\Exoosis.Api\bin\Debug\net8.0\Exoosis.Application.dll' because it is being used by another process. The file is locked by: "Exoosis.Api (13544)" [D:\Exoosis\backend\src\Exoosis.Api\Exoosis.Api.csproj]
C:\Program Files\dotnet\sdk\10.0.102\Microsoft.Common.CurrentVersion.targets(5080,5): warning MSB3026: Could not copy "D:\Exoosis\backend\src\Exoosis.Infrastructure\bin\Debug\net8.0\Exoosis.Infrastructure.dll" to "bin\Debug\net8.0\Exoosis.Infrastructure.dll". Beginning retry 8 in 1000ms. The process cannot access the file 'D:\Exoosis\backend\src\Exoosis.Api\bin\Debug\net8.0\Exoosis.Infrastructure.dll' because it is being used by another process. The file is locked by: "Microsoft Visual Studio (12844), Exoosis.Api (13544)" [D:\Exoosis\backend\src\Exoosis.Api\Exoosis.Api.csproj]
C:\Program Files\dotnet\sdk\10.0.102\Microsoft.Common.CurrentVersion.targets(5080,5): warning MSB3026: Could not copy "D:\Exoosis\backend\src\Exoosis.Domain\bin\Debug\net8.0\Exoosis.Domain.dll" to "bin\Debug\net8.0\Exoosis.Domain.dll". Beginning retry 9 in 1000ms. The process cannot access the file 'D:\Exoosis\backend\src\Exoosis.Api\bin\Debug\net8.0\Exoosis.Domain.dll' because it is being used by another process. The file is locked by: "Exoosis.Api (13544)" [D:\Exoosis\backend\src\Exoosis.Api\Exoosis.Api.csproj]
C:\Program Files\dotnet\sdk\10.0.102\Microsoft.Common.CurrentVersion.targets(5080,5): warning MSB3026: Could not copy "D:\Exoosis\backend\src\Exoosis.Application\bin\Debug\net8.0\Exoosis.Application.dll" to "bin\Debug\net8.0\Exoosis.Application.dll". Beginning retry 9 in 1000ms. The process cannot access the file 'D:\Exoosis\backend\src\Exoosis.Api\bin\Debug\net8.0\Exoosis.Application.dll' because it is being used by another process. The file is locked by: "Exoosis.Api (13544)" [D:\Exoosis\backend\src\Exoosis.Api\Exoosis.Api.csproj]
C:\Program Files\dotnet\sdk\10.0.102\Microsoft.Common.CurrentVersion.targets(5080,5): warning MSB3026: Could not copy "D:\Exoosis\backend\src\Exoosis.Infrastructure\bin\Debug\net8.0\Exoosis.Infrastructure.dll" to "bin\Debug\net8.0\Exoosis.Infrastructure.dll". Beginning retry 9 in 1000ms. The process cannot access the file 'D:\Exoosis\backend\src\Exoosis.Api\bin\Debug\net8.0\Exoosis.Infrastructure.dll' because it is being used by another process. The file is locked by: "Microsoft Visual Studio (12844), Exoosis.Api (13544)" [D:\Exoosis\backend\src\Exoosis.Api\Exoosis.Api.csproj]
C:\Program Files\dotnet\sdk\10.0.102\Microsoft.Common.CurrentVersion.targets(5080,5): warning MSB3026: Could not copy "D:\Exoosis\backend\src\Exoosis.Domain\bin\Debug\net8.0\Exoosis.Domain.dll" to "bin\Debug\net8.0\Exoosis.Domain.dll". Beginning retry 10 in 1000ms. The process cannot access the file 'D:\Exoosis\backend\src\Exoosis.Api\bin\Debug\net8.0\Exoosis.Domain.dll' because it is being used by another process. The file is locked by: "Exoosis.Api (13544)" [D:\Exoosis\backend\src\Exoosis.Api\Exoosis.Api.csproj]
C:\Program Files\dotnet\sdk\10.0.102\Microsoft.Common.CurrentVersion.targets(5080,5): warning MSB3026: Could not copy "D:\Exoosis\backend\src\Exoosis.Application\bin\Debug\net8.0\Exoosis.Application.dll" to "bin\Debug\net8.0\Exoosis.Application.dll". Beginning retry 10 in 1000ms. The process cannot access the file 'D:\Exoosis\backend\src\Exoosis.Api\bin\Debug\net8.0\Exoosis.Application.dll' because it is being used by another process. The file is locked by: "Exoosis.Api (13544)" [D:\Exoosis\backend\src\Exoosis.Api\Exoosis.Api.csproj]
C:\Program Files\dotnet\sdk\10.0.102\Microsoft.Common.CurrentVersion.targets(5080,5): warning MSB3026: Could not copy "D:\Exoosis\backend\src\Exoosis.Infrastructure\bin\Debug\net8.0\Exoosis.Infrastructure.dll" to "bin\Debug\net8.0\Exoosis.Infrastructure.dll". Beginning retry 10 in 1000ms. The process cannot access the file 'D:\Exoosis\backend\src\Exoosis.Api\bin\Debug\net8.0\Exoosis.Infrastructure.dll' because it is being used by another process. The file is locked by: "Microsoft Visual Studio (12844), Exoosis.Api (13544)" [D:\Exoosis\backend\src\Exoosis.Api\Exoosis.Api.csproj]
C:\Program Files\dotnet\sdk\10.0.102\Microsoft.Common.CurrentVersion.targets(5080,5): error MSB3027: Could not copy "D:\Exoosis\backend\src\Exoosis.Domain\bin\Debug\net8.0\Exoosis.Domain.dll" to "bin\Debug\net8.0\Exoosis.Domain.dll". Exceeded retry count of 10. Failed. The file is locked by: "Exoosis.Api (13544)" [D:\Exoosis\backend\src\Exoosis.Api\Exoosis.Api.csproj]
C:\Program Files\dotnet\sdk\10.0.102\Microsoft.Common.CurrentVersion.targets(5080,5): error MSB3021: Unable to copy file "D:\Exoosis\backend\src\Exoosis.Domain\bin\Debug\net8.0\Exoosis.Domain.dll" to "bin\Debug\net8.0\Exoosis.Domain.dll". The process cannot access the file 'D:\Exoosis\backend\src\Exoosis.Api\bin\Debug\net8.0\Exoosis.Domain.dll' because it is being used by another process. [D:\Exoosis\backend\src\Exoosis.Api\Exoosis.Api.csproj]
C:\Program Files\dotnet\sdk\10.0.102\Microsoft.Common.CurrentVersion.targets(5080,5): error MSB3027: Could not copy "D:\Exoosis\backend\src\Exoosis.Application\bin\Debug\net8.0\Exoosis.Application.dll" to "bin\Debug\net8.0\Exoosis.Application.dll". Exceeded retry count of 10. Failed. The file is locked by: "Exoosis.Api (13544)" [D:\Exoosis\backend\src\Exoosis.Api\Exoosis.Api.csproj]
C:\Program Files\dotnet\sdk\10.0.102\Microsoft.Common.CurrentVersion.targets(5080,5): error MSB3021: Unable to copy file "D:\Exoosis\backend\src\Exoosis.Application\bin\Debug\net8.0\Exoosis.Application.dll" to "bin\Debug\net8.0\Exoosis.Application.dll". The process cannot access the file 'D:\Exoosis\backend\src\Exoosis.Api\bin\Debug\net8.0\Exoosis.Application.dll' because it is being used by another process. [D:\Exoosis\backend\src\Exoosis.Api\Exoosis.Api.csproj]
C:\Program Files\dotnet\sdk\10.0.102\Microsoft.Common.CurrentVersion.targets(5080,5): error MSB3027: Could not copy "D:\Exoosis\backend\src\Exoosis.Infrastructure\bin\Debug\net8.0\Exoosis.Infrastructure.dll" to "bin\Debug\net8.0\Exoosis.Infrastructure.dll". Exceeded retry count of 10. Failed. The file is locked by: "Microsoft Visual Studio (12844), Exoosis.Api (13544)" [D:\Exoosis\backend\src\Exoosis.Api\Exoosis.Api.csproj]
C:\Program Files\dotnet\sdk\10.0.102\Microsoft.Common.CurrentVersion.targets(5080,5): error MSB3021: Unable to copy file "D:\Exoosis\backend\src\Exoosis.Infrastructure\bin\Debug\net8.0\Exoosis.Infrastructure.dll" to "bin\Debug\net8.0\Exoosis.Infrastructure.dll". The process cannot access the file 'D:\Exoosis\backend\src\Exoosis.Api\bin\Debug\net8.0\Exoosis.Infrastructure.dll' because it is being used by another process. [D:\Exoosis\backend\src\Exoosis.Api\Exoosis.Api.csproj]
    30 Warning(s)
    6 Error(s)

Time Elapsed 00:00:13.00
